"shadow*" style props are deprecated. Use "boxShadow".
λ  WARN  props.pointerEvents is deprecated. Use style.pointerEvents 
  console.warn (C:\Users\luist\Downloads\proyecto diseño\smart-negotiation-hub\node_modules\expo\node_modules\@expo\cli\src\start\server\serverLogLikeMetro.ts:161:21)
  warnOnce (C:\Users\luist\Downloads\proyecto diseño\smart-negotiation-hub\node_modules\react-native-web\dist\modules\warnOnce\index.js:24:13)
  createDOMProps (C:\Users\luist\Downloads\proyecto diseño\smart-negotiation-hub\node_modules\react-native-web\dist\modules\createDOMProps\index.js:805:13)
  createElement (C:\Users\luist\Downloads\proyecto diseño\smart-negotiation-hub\node_modules\react-native-web\dist\exports\createElement\index.js:23:32)
  Component (C:\Users\luist\Downloads\proyecto diseño\smart-negotiation-hub\node_modules\react-native-web\dist\exports\View\index.js:111:23)
  Object.callComponentInDEV [as react-stack-bottom-frame] (C:\Users\luist\Downloads\proyecto diseño\smart-negotiation-hub\node_modules\react-dom\cjs\react-dom-server-legacy.node.development.js:8970:18)
  renderWithHooks (C:\Users\luist\Downloads\proyecto diseño\smart-negotiation-hub\node_modules\react-dom\cjs\react-dom-server-legacy.node.development.js:4699:19)
  run (C:\Users\luist\Downloads\proyecto diseño\smart-negotiation-hub\node_modules\react-dom\cjs\react-dom-server-legacy.node.development.js:5539:39)
  retryNode (C:\Users\luist\Downloads\proyecto diseño\smart-negotiation-hub\node_modules\react-dom\cjs\react-dom-server-legacy.node.development.js:5899:31)
  renderNodeDestructive (C:\Users\luist\Downloads\proyecto diseño\smart-negotiation-hub\node_modules\react-dom\cjs\react-dom-server-legacy.node.development.js:5849:11)
"shadow*" style props are deprecated. Use "boxShadow".
λ  WARN  props.pointerEvents is deprecated. Use style.pointerEvents 
  console.warn (C:\Users\luist\Downloads\proyecto diseño\smart-negotiation-hub\node_modules\expo\node_modules\@expo\cli\src\start\server\serverLogLikeMetro.ts:161:21)
  warnOnce (C:\Users\luist\Downloads\proyecto diseño\smart-negotiation-hub\node_modules\react-native-web\dist\modules\warnOnce\index.js:24:13)
  createDOMProps (C:\Users\luist\Downloads\proyecto diseño\smart-negotiation-hub\node_modules\react-native-web\dist\modules\createDOMProps\index.js:805:13)
  createElement (C:\Users\luist\Downloads\proyecto diseño\smart-negotiation-hub\node_modules\react-native-web\dist\exports\createElement\index.js:23:32)
  Component (C:\Users\luist\Downloads\proyecto diseño\smart-negotiation-hub\node_modules\react-native-web\dist\exports\View\index.js:111:23)
  Object.callComponentInDEV [as react-stack-bottom-frame] (C:\Users\luist\Downloads\proyecto diseño\smart-negotiation-hub\node_modules\react-dom\cjs\react-dom-server-legacy.node.development.js:8970:18)
  renderWithHooks (C:\Users\luist\Downloads\proyecto diseño\smart-negotiation-hub\node_modules\react-dom\cjs\react-dom-server-legacy.node.development.js:4699:19)
  run (C:\Users\luist\Downloads\proyecto diseño\smart-negotiation-hub\node_modules\react-dom\cjs\react-dom-server-legacy.node.development.js:5539:39)
  retryNode (C:\Users\luist\Downloads\proyecto diseño\smart-negotiation-hub\node_modules\react-dom\cjs\react-dom-server-legacy.node.development.js:5899:31)
  renderNodeDestructive (C:\Users\luist\Downloads\proyecto diseño\smart-negotiation-hub\node_modules\react-dom\cjs\react-dom-server-legacy.node.development.js:5849:11)
Error: Cannot pipe to a closed or destroyed stream
    at pipelineImpl (node:internal/streams/pipeline:264:15)
    at node:stream/promises:31:5
    at new Promise (<anonymous>)
    at pipeline (node:stream/promises:20:10)
    at respond (C:\Users\luist\Downloads\proyecto diseño\smart-negotiation-hub\node_modules\expo-server\src\vendor\http.ts:138:19)
    at C:\Users\luist\Downloads\proyecto diseño\smart-negotiation-hub\node_modules\expo-server\src\vendor\http.ts:68:13
    at processTicksAndRejections (node:internal/process/task_queues:104:5)
"shadow*" style props are deprecated. Use "boxShadow".
λ  WARN  props.pointerEvents is deprecated. Use style.pointerEvents 
  console.warn (C:\Users\luist\Downloads\proyecto diseño\smart-negotiation-hub\node_modules\expo\node_modules\@expo\cli\src\start\server\serverLogLikeMetro.ts:161:21)
  warnOnce (C:\Users\luist\Downloads\proyecto diseño\smart-negotiation-hub\node_modules\react-native-web\dist\modules\warnOnce\index.js:24:13)
  createDOMProps (C:\Users\luist\Downloads\proyecto diseño\smart-negotiation-hub\node_modules\react-native-web\dist\modules\createDOMProps\index.js:805:13)
  createElement (C:\Users\luist\Downloads\proyecto diseño\smart-negotiation-hub\node_modules\react-native-web\dist\exports\createElement\index.js:23:32)
  Component (C:\Users\luist\Downloads\proyecto diseño\smart-negotiation-hub\node_modules\react-native-web\dist\exports\View\index.js:111:23)
  Object.callComponentInDEV [as react-stack-bottom-frame] (C:\Users\luist\Downloads\proyecto diseño\smart-negotiation-hub\node_modules\react-dom\cjs\react-dom-server-legacy.node.development.js:8970:18)
  renderWithHooks (C:\Users\luist\Downloads\proyecto diseño\smart-negotiation-hub\node_modules\react-dom\cjs\react-dom-server-legacy.node.development.js:4699:19)
  run (C:\Users\luist\Downloads\proyecto diseño\smart-negotiation-hub\node_modules\react-dom\cjs\react-dom-server-legacy.node.development.js:5539:39)
  retryNode (C:\Users\luist\Downloads\proyecto diseño\smart-negotiation-hub\node_modules\react-dom\cjs\react-dom-server-legacy.node.development.js:5899:31)
  renderNodeDestructive (C:\Users\luist\Downloads\proyecto diseño\smart-negotiation-hub\node_modules\react-dom\cjs\react-dom-server-legacy.node.development.js:5849:11)
"shadow*" style props are deprecated. Use "boxShadow".
"shadow*" style props are deprecated. Use "boxShadow".
λ  WARN  props.pointerEvents is deprecated. Use style.pointerEvents 
  console.warn (C:\Users\luist\Downloads\proyecto diseño\smart-negotiation-hub\node_modules\expo\node_modules\@expo\cli\src\start\server\serverLogLikeMetro.ts:161:21)
  warnOnce (C:\Users\luist\Downloads\proyecto diseño\smart-negotiation-hub\node_modules\react-native-web\dist\modules\warnOnce\index.js:24:13)
  createDOMProps (C:\Users\luist\Downloads\proyecto diseño\smart-negotiation-hub\node_modules\react-native-web\dist\modules\createDOMProps\index.js:805:13)
  createElement (C:\Users\luist\Downloads\proyecto diseño\smart-negotiation-hub\node_modules\react-native-web\dist\exports\createElement\index.js:23:32)
  getCurrentTime (C:\Users\luist\Downloads\proyecto diseño\smart-negotiation-hub\node_modules\react-native-web\dist\exports\View\index.js:111:23)
  Object.react-stack-bottom-frame (C:\Users\luist\Downloads\proyecto diseño\smart-negotiation-hub\node_modules\react-dom\cjs\react-dom-server-legacy.node.development.js:8995:11)
  renderWithHooks (C:\Users\luist\Downloads\proyecto diseño\smart-negotiation-hub\node_modules\react-dom\cjs\react-dom-server-legacy.node.development.js:4747:21)
  renderElement (C:\Users\luist\Downloads\proyecto diseño\smart-negotiation-hub\node_modules\react-dom\cjs\react-dom-server-legacy.node.development.js:5579:32)
  retryNode (C:\Users\luist\Downloads\proyecto diseño\smart-negotiation-hub\node_modules\react-dom\cjs\react-dom-server-legacy.node.development.js:5955:29)
  renderNodeDestructive (C:\Users\luist\Downloads\proyecto diseño\smart-negotiation-hub\node_modules\react-dom\cjs\react-dom-server-legacy.node.development.js:5912:35)
"shadow*" style props are deprecated. Use "boxShadow".
λ  WARN  props.pointerEvents is deprecated. Use style.pointerEvents 
  console.warn (C:\Users\luist\Downloads\proyecto diseño\smart-negotiation-hub\node_modules\expo\node_modules\@expo\cli\src\start\server\serverLogLikeMetro.ts:161:21)
  warnOnce (C:\Users\luist\Downloads\proyecto diseño\smart-negotiation-hub\node_modules\react-native-web\dist\modules\warnOnce\index.js:24:13)
  createDOMProps (C:\Users\luist\Downloads\proyecto diseño\smart-negotiation-hub\node_modules\react-native-web\dist\modules\createDOMProps\index.js:805:13)
  createElement (C:\Users\luist\Downloads\proyecto diseño\smart-negotiation-hub\node_modules\react-native-web\dist\exports\createElement\index.js:23:32)
  getCurrentTime (C:\Users\luist\Downloads\proyecto diseño\smart-negotiation-hub\node_modules\react-native-web\dist\exports\View\index.js:111:23)
  Object.react-stack-bottom-frame (C:\Users\luist\Downloads\proyecto diseño\smart-negotiation-hub\node_modules\react-dom\cjs\react-dom-server-legacy.node.development.js:8995:11)
  renderWithHooks (C:\Users\luist\Downloads\proyecto diseño\smart-negotiation-hub\node_modules\react-dom\cjs\react-dom-server-legacy.node.development.js:4747:21)
  renderElement (C:\Users\luist\Downloads\proyecto diseño\smart-negotiation-hub\node_modules\react-dom\cjs\react-dom-server-legacy.node.development.js:5579:32)
  retryNode (C:\Users\luist\Downloads\proyecto diseño\smart-negotiation-hub\node_modules\react-dom\cjs\react-dom-server-legacy.node.development.js:5955:29)
  renderNodeDestructive (C:\Users\luist\Downloads\proyecto diseño\smart-negotiation-hub\node_modules\react-dom\cjs\react-dom-server-legacy.node.development.js:5912:35)
"shadow*" style props are deprecated. Use "boxShadow".
"shadow*" style props are deprecated. Use "boxShadow".
λ  WARN  props.pointerEvents is deprecated. Use style.pointerEvents 
  console.warn (C:\Users\luist\Downloads\proyecto diseño\smart-negotiation-hub\node_modules\expo\node_modules\@expo\cli\src\start\server\serverLogLikeMetro.ts:161:21)
  warnOnce (C:\Users\luist\Downloads\proyecto diseño\smart-negotiation-hub\node_modules\react-native-web\dist\modules\warnOnce\index.js:24:13)
  createDOMProps (C:\Users\luist\Downloads\proyecto diseño\smart-negotiation-hub\node_modules\react-native-web\dist\modules\createDOMProps\index.js:805:13)
  createElement (C:\Users\luist\Downloads\proyecto diseño\smart-negotiation-hub\node_modules\react-native-web\dist\exports\createElement\index.js:23:32)
  View (C:\Users\luist\Downloads\proyecto diseño\smart-negotiation-hub\node_modules\react-native-web\dist\exports\View\index.js:111:23)
  Object.finishFunctionComponent [as react-stack-bottom-frame] (C:\Users\luist\Downloads\proyecto diseño\smart-negotiation-hub\node_modules\react-dom\cjs\react-dom-server.node.development.js:615:15)
  spawnNewSuspendedReplayTask (C:\Users\luist\Downloads\proyecto diseño\smart-negotiation-hub\node_modules\react-dom\cjs\react-dom-server-legacy.node.development.js:5547:15)
  renderElement (C:\Users\luist\Downloads\proyecto diseño\smart-negotiation-hub\node_modules\react-dom\cjs\react-dom-server-legacy.node.development.js:6289:22)
  retryNode (C:\Users\luist\Downloads\proyecto diseño\smart-negotiation-hub\node_modules\react-dom\cjs\react-dom-server-legacy.node.development.js:6589:49)
  renderNodeDestructive (C:\Users\luist\Downloads\proyecto diseño\smart-negotiation-hub\node_modules\react-dom\cjs\react-dom-server-legacy.node.development.js:6556:35)
"shadow*" style props are deprecated. Use "boxShadow".
λ  WARN  props.pointerEvents is deprecated. Use style.pointerEvents 
  console.warn (C:\Users\luist\Downloads\proyecto diseño\smart-negotiation-hub\node_modules\expo\node_modules\@expo\cli\src\start\server\serverLogLikeMetro.ts:161:21)
  warnOnce (C:\Users\luist\Downloads\proyecto diseño\smart-negotiation-hub\node_modules\react-native-web\dist\modules\warnOnce\index.js:24:13)
  createDOMProps (C:\Users\luist\Downloads\proyecto diseño\smart-negotiation-hub\node_modules\react-native-web\dist\modules\createDOMProps\index.js:805:13)
  createElement (C:\Users\luist\Downloads\proyecto diseño\smart-negotiation-hub\node_modules\react-native-web\dist\exports\createElement\index.js:23:32)
  View (C:\Users\luist\Downloads\proyecto diseño\smart-negotiation-hub\node_modules\react-native-web\dist\exports\View\index.js:111:23)
  Object.finishFunctionComponent [as react-stack-bottom-frame] (C:\Users\luist\Downloads\proyecto diseño\smart-negotiation-hub\node_modules\react-dom\cjs\react-dom-server.node.development.js:615:15)
  spawnNewSuspendedReplayTask (C:\Users\luist\Downloads\proyecto diseño\smart-negotiation-hub\node_modules\react-dom\cjs\react-dom-server-legacy.node.development.js:5547:15)
  renderElement (C:\Users\luist\Downloads\proyecto diseño\smart-negotiation-hub\node_modules\react-dom\cjs\react-dom-server-legacy.node.development.js:6289:22)
  retryNode (C:\Users\luist\Downloads\proyecto diseño\smart-negotiation-hub\node_modules\react-dom\cjs\react-dom-server-legacy.node.development.js:6589:49)
  renderNodeDestructive (C:\Users\luist\Downloads\proyecto diseño\smart-negotiation-hub\node_modules\react-dom\cjs\react-dom-server-legacy.node.development.js:6556:35)
"shadow*" style props are deprecated. Use "boxShadow".
λ  WARN  props.pointerEvents is deprecated. Use style.pointerEvents 
  console.warn (C:\Users\luist\Downloads\proyecto diseño\smart-negotiation-hub\node_modules\expo\node_modules\@expo\cli\src\start\server\serverLogLikeMetro.ts:161:21)
  warnOnce (C:\Users\luist\Downloads\proyecto diseño\smart-negotiation-hub\node_modules\react-native-web\dist\modules\warnOnce\index.js:24:13)
  createDOMProps (C:\Users\luist\Downloads\proyecto diseño\smart-negotiation-hub\node_modules\react-native-web\dist\modules\createDOMProps\index.js:805:13)
  createElement (C:\Users\luist\Downloads\proyecto diseño\smart-negotiation-hub\node_modules\react-native-web\dist\exports\createElement\index.js:23:32)
  lastIndex (C:\Users\luist\Downloads\proyecto diseño\smart-negotiation-hub\node_modules\react-native-web\dist\exports\View\index.js:111:23)
  Object.resumeNode [as react-stack-bottom-frame] (C:\Users\luist\Downloads\proyecto diseño\smart-negotiation-hub\node_modules\react-dom\cjs\react-dom-server.node.development.js:703:11)
  renderWithHooks (C:\Users\luist\Downloads\proyecto diseño\smart-negotiation-hub\node_modules\react-dom\cjs\react-dom-server-legacy.node.development.js:5648:14)
  renderElement (C:\Users\luist\Downloads\proyecto diseño\smart-negotiation-hub\node_modules\react-dom\cjs\react-dom-server-legacy.node.development.js:6362:5)
  retryNode (C:\Users\luist\Downloads\proyecto diseño\smart-negotiation-hub\node_modules\react-dom\cjs\react-dom-server-legacy.node.development.js:6702:57)
  renderNodeDestructive (C:\Users\luist\Downloads\proyecto diseño\smart-negotiation-hub\node_modules\react-dom\cjs\react-dom-server-legacy.node.development.js:6674:80)
"shadow*" style props are deprecated. Use "boxShadow".
λ  WARN  props.pointerEvents is deprecated. Use style.pointerEvents 
  console.warn (C:\Users\luist\Downloads\proyecto diseño\smart-negotiation-hub\node_modules\expo\node_modules\@expo\cli\src\start\server\serverLogLikeMetro.ts:161:21)
  warnOnce (C:\Users\luist\Downloads\proyecto diseño\smart-negotiation-hub\node_modules\react-native-web\dist\modules\warnOnce\index.js:24:13)
  createDOMProps (C:\Users\luist\Downloads\proyecto diseño\smart-negotiation-hub\node_modules\react-native-web\dist\modules\createDOMProps\index.js:805:13)
  createElement (C:\Users\luist\Downloads\proyecto diseño\smart-negotiation-hub\node_modules\react-native-web\dist\exports\createElement\index.js:23:32)
  bootstrapChunks (C:\Users\luist\Downloads\proyecto diseño\smart-negotiation-hub\node_modules\react-native-web\dist\exports\View\index.js:111:23)
  Object.parentFlushed [as react-stack-bottom-frame] (C:\Users\luist\Downloads\proyecto diseño\smart-negotiation-hub\node_modules\react-dom\cjs\react-dom-server.node.development.js:797:9)
  renderWithHooks (C:\Users\luist\Downloads\proyecto diseño\smart-negotiation-hub\node_modules\react-dom\cjs\react-dom-server-legacy.node.development.js:5775:21)
  renderElement (C:\Users\luist\Downloads\proyecto diseño\smart-negotiation-hub\node_modules\react-dom\cjs\react-dom-server-legacy.node.development.js:6491:35)
  retryNode (C:\Users\luist\Downloads\proyecto diseño\smart-negotiation-hub\node_modules\react-dom\cjs\react-dom-server-legacy.node.development.js:6859:5)
  renderNodeDestructive (C:\Users\luist\Downloads\proyecto diseño\smart-negotiation-hub\node_modules\react-dom\cjs\react-dom-server-legacy.node.development.js:6819:25)
λ  WARN  props.pointerEvents is deprecated. Use style.pointerEvents 
  console.warn (C:\Users\luist\Downloads\proyecto diseño\smart-negotiation-hub\node_modules\expo\node_modules\@expo\cli\src\start\server\serverLogLikeMetro.ts:161:21)
  warnOnce (C:\Users\luist\Downloads\proyecto diseño\smart-negotiation-hub\node_modules\react-native-web\dist\modules\warnOnce\index.js:24:13)
  createDOMProps (C:\Users\luist\Downloads\proyecto diseño\smart-negotiation-hub\node_modules\react-native-web\dist\modules\createDOMProps\index.js:805:13)
  createElement (C:\Users\luist\Downloads\proyecto diseño\smart-negotiation-hub\node_modules\react-native-web\dist\exports\createElement\index.js:23:32)
  View (C:\Users\luist\Downloads\proyecto diseño\smart-negotiation-hub\node_modules\react-native-web\dist\exports\View\index.js:111:23)
  Object.previousContext [as react-stack-bottom-frame] (C:\Users\luist\Downloads\proyecto diseño\smart-negotiation-hub\node_modules\react-dom\cjs\react-dom-server.node.development.js:1375:14)
  completedSegments (C:\Users\luist\Downloads\proyecto diseño\smart-negotiation-hub\node_modules\react-dom\cjs\react-dom-server-legacy.node.development.js:6355:21)
  renderElement (C:\Users\luist\Downloads\proyecto diseño\smart-negotiation-hub\node_modules\react-dom\cjs\react-dom-server-legacy.node.development.js:7105:12)
  retryNode (C:\Users\luist\Downloads\proyecto diseño\smart-negotiation-hub\node_modules\react-dom\cjs\react-dom-server-legacy.node.development.js:7414:72)
  renderNodeDestructive (C:\Users\luist\Downloads\proyecto diseño\smart-negotiation-hub\node_modules\react-dom\cjs\react-dom-server-legacy.node.development.js:7377:48)
λ  WARN  props.pointerEvents is deprecated. Use style.pointerEvents 
  console.warn (C:\Users\luist\Downloads\proyecto diseño\smart-negotiation-hub\node_modules\expo\node_modules\@expo\cli\src\start\server\serverLogLikeMetro.ts:161:21)
  warnOnce (C:\Users\luist\Downloads\proyecto diseño\smart-negotiation-hub\node_modules\react-native-web\dist\modules\warnOnce\index.js:24:13)
  createDOMProps (C:\Users\luist\Downloads\proyecto diseño\smart-negotiation-hub\node_modules\react-native-web\dist\modules\createDOMProps\index.js:805:13)
  createElement (C:\Users\luist\Downloads\proyecto diseño\smart-negotiation-hub\node_modules\react-native-web\dist\exports\createElement\index.js:23:32)
  View (C:\Users\luist\Downloads\proyecto diseño\smart-negotiation-hub\node_modules\react-native-web\dist\exports\View\index.js:111:23)
  Object.completedSegments [as react-stack-bottom-frame] (C:\Users\luist\Downloads\proyecto diseño\smart-negotiation-hub\node_modules\react-dom\cjs\react-dom-server.node.development.js:1904:19)
  renderWithHooks (C:\Users\luist\Downloads\proyecto diseño\smart-negotiation-hub\node_modules\react-dom\cjs\react-dom-server-legacy.node.development.js:7097:7)
  renderElement (C:\Users\luist\Downloads\proyecto diseño\smart-negotiation-hub\node_modules\react-dom\cjs\react-dom-server-legacy.node.development.js:7726:27)
  retryNode (C:\Users\luist\Downloads\proyecto diseño\smart-negotiation-hub\node_modules\react-dom\cjs\react-dom-server-legacy.node.development.js:7907:23)
  renderNodeDestructive (C:\Users\luist\Downloads\proyecto diseño\smart-negotiation-hub\node_modules\react-dom\cjs\react-dom-server-legacy.node.development.js:7889:23)
